// Jest Snapshot v1, https://goo.gl/fbAQLP

exports[`Shopping cart checkout should return a summary of all products, their quantities and the total amount 1`] = `
Object {
  "items": Array [
    Object {
      "product": Object {
        "price": 35378,
        "title": "Adidas running shoes men",
      },
      "quantity": 2,
    },
    Object {
      "product": Object {
        "price": 42236,
        "title": "Adidas running shoes women",
      },
      "quantity": 10,
    },
  ],
  "totalAmount": Object {
    "amount": 4931.16,
    "formatted": "R$4,931.16",
  },
}
`;
